*design* DebussyLib (btIdent Verdi_O-2018.09-SP2)
Command arguments:
    +define+verilog
    ./simWorkspace/tb_Tulip/tb_Tulip.fsdb
    -f ./hw/verilog/tb/tb_Tulip.f
        ./hw/gen/Tulip.v
        ./hw/verilog/tb/tb_Tulip.sv
        ./hw/verilog/axi/axi_slave_mem.v
        ./hw/verilog/exu/div_gen_0.v
    -sv
    -v2k
*Warning* Unknown argument -v2k


Highest level modules:
tb_Tulip


*Warning* port sizes differ (32 vs 64) in port connection (port icache_ar_payload_addr)
"./hw/verilog/tb/tb_Tulip.sv", 175: 

*Warning* port sizes differ (2 vs 4) in port connection (port icache_ar_payload_id)
"./hw/verilog/tb/tb_Tulip.sv", 176: 

*Warning* port sizes differ (2 vs 4) in port connection (port icache_r_payload_id)
"./hw/verilog/tb/tb_Tulip.sv", 183: 

*Warning* port sizes differ (32 vs 64) in port connection (port dcache_ar_payload_addr)
"./hw/verilog/tb/tb_Tulip.sv", 188: 

*Warning* port sizes differ (2 vs 4) in port connection (port dcache_ar_payload_id)
"./hw/verilog/tb/tb_Tulip.sv", 189: 

*Warning* port sizes differ (2 vs 4) in port connection (port dcache_r_payload_id)
"./hw/verilog/tb/tb_Tulip.sv", 196: 

*Warning* port sizes differ (32 vs 64) in port connection (port dcache_aw_payload_addr)
"./hw/verilog/tb/tb_Tulip.sv", 201: 

*Warning* port sizes differ (2 vs 4) in port connection (port dcache_aw_payload_id)
"./hw/verilog/tb/tb_Tulip.sv", 202: 

*Warning* port sizes differ (8 vs 32) in port connection (port dcache_w_payload_strb)
"./hw/verilog/tb/tb_Tulip.sv", 209: 

*Warning* port sizes differ (2 vs 4) in port connection (port dcache_b_payload_id)
"./hw/verilog/tb/tb_Tulip.sv", 213: 

*Warning* port sizes differ (8 vs 0) in port connection (port aw_len)
"./hw/verilog/tb/tb_Tulip.sv", 233: 

*Warning* port sizes differ (3 vs 0) in port connection (port aw_size)
"./hw/verilog/tb/tb_Tulip.sv", 234: 

*Warning* port sizes differ (2 vs 0) in port connection (port aw_burst)
"./hw/verilog/tb/tb_Tulip.sv", 235: 

*Warning* port sizes differ (1 vs 0) in port connection (port aw_valid)
"./hw/verilog/tb/tb_Tulip.sv", 242: 

*Warning* port sizes differ (1 vs 0) in port connection (port w_valid)
"./hw/verilog/tb/tb_Tulip.sv", 256: 

*Warning* port sizes differ (1 vs 0) in port connection (port w_last)
"./hw/verilog/tb/tb_Tulip.sv", 260: 

*Warning* port sizes differ (1 vs 0) in port connection (port b_ready)
"./hw/verilog/tb/tb_Tulip.sv", 272: 
Total	0 error(s),   18 warning(s)
