\n[verilator] Generating C++ files...
Fri, 28 Nov 2025 21:46:41 +0800
Command exited with non-zero status 1
0.03user 0.04system 0:00.08elapsed 95%CPU (0avgtext+0avgdata 13420maxresident)k
0inputs+0outputs (0major+3721minor)pagefaults 0swaps
\n[verilator] Generating C++ files...
Fri, 28 Nov 2025 21:47:11 +0800
Command exited with non-zero status 1
0.32user 0.02system 0:00.34elapsed 99%CPU (0avgtext+0avgdata 85772maxresident)k
0inputs+0outputs (0major+23235minor)pagefaults 0swaps
\n[verilator] Generating C++ files...
Fri, 28 Nov 2025 21:47:33 +0800
Command exited with non-zero status 1
0.34user 0.04system 0:00.39elapsed 99%CPU (0avgtext+0avgdata 85820maxresident)k
0inputs+0outputs (0major+23237minor)pagefaults 0swaps
\n[verilator] Generating C++ files...
Fri, 28 Nov 2025 21:48:17 +0800
Command exited with non-zero status 1
3.32user 0.54system 0:03.89elapsed 99%CPU (0avgtext+0avgdata 262100maxresident)k
0inputs+68128outputs (2major+67031minor)pagefaults 0swaps
\n[verilator] Generating C++ files...
Fri, 28 Nov 2025 21:50:06 +0800
Command exited with non-zero status 1
3.62user 0.23system 0:03.87elapsed 99%CPU (0avgtext+0avgdata 262292maxresident)k
0inputs+68128outputs (0major+67015minor)pagefaults 0swaps
\n[verilator] Generating C++ files...
Fri, 28 Nov 2025 21:55:03 +0800
4.04user 0.19system 0:04.26elapsed 99%CPU (0avgtext+0avgdata 262296maxresident)k
0inputs+68160outputs (0major+67034minor)pagefaults 0swaps
\n[g++] Compiling C++ files...
Fri, 28 Nov 2025 21:55:08 +0800
Command exited with non-zero status 2
0.00user 0.00system 0:00.01elapsed 92%CPU (0avgtext+0avgdata 3104maxresident)k
0inputs+16outputs (0major+518minor)pagefaults 0swaps
\n[verilator] Generating C++ files...
Fri, 28 Nov 2025 21:56:17 +0800
3.39user 0.21system 0:03.61elapsed 99%CPU (0avgtext+0avgdata 262228maxresident)k
0inputs+68168outputs (0major+67065minor)pagefaults 0swaps
\n[g++] Compiling C++ files...
Fri, 28 Nov 2025 21:56:21 +0800
101.74user 4.35system 1:46.47elapsed 99%CPU (0avgtext+0avgdata 716824maxresident)k
3024inputs+241992outputs (30major+2013925minor)pagefaults 0swaps
\n[verilator] Generating C++ files...
Fri, 28 Nov 2025 21:59:38 +0800
3.18user 0.22system 0:03.43elapsed 99%CPU (0avgtext+0avgdata 262236maxresident)k
0inputs+68160outputs (0major+67052minor)pagefaults 0swaps
\n[g++] Compiling C++ files...
Fri, 28 Nov 2025 21:59:42 +0800
1.66user 0.40system 0:02.11elapsed 97%CPU (0avgtext+0avgdata 159504maxresident)k
96inputs+53832outputs (0major+124869minor)pagefaults 0swaps
\n[verilator] Generating C++ files...
Fri, 28 Nov 2025 22:06:04 +0800
3.94user 0.24system 0:04.18elapsed 99%CPU (0avgtext+0avgdata 262260maxresident)k
0inputs+68160outputs (0major+67046minor)pagefaults 0swaps
\n[g++] Compiling C++ files...
Fri, 28 Nov 2025 22:06:09 +0800
1.75user 0.33system 0:02.13elapsed 97%CPU (0avgtext+0avgdata 159488maxresident)k
96inputs+53832outputs (0major+124919minor)pagefaults 0swaps
